// Jest Snapshot v1, https://goo.gl/fbAQLP

exports[`renders input by default 1`] = `
<div
  className="sc-bdnylx fzvGNe"
>
  <input
    className="sc-gtssRu gjxOPn"
    type="checkbox"
  />
  <div />
</div>
`;
